Archive member included to satisfy reference by file (symbol)

target/x86_64-unknown-none/release/libkernel.a(kernel-f516bc03ffe9b977.kernel.1a6e78cceb18f4e-cgu.0.rcgu.o)
                              build/boot.o (kmain)
target/x86_64-unknown-none/release/libkernel.a(compiler_builtins-0b98429516488395.compiler_builtins.f495b1868efc1bfc-cgu.191.rcgu.o)
                              target/x86_64-unknown-none/release/libkernel.a(kernel-f516bc03ffe9b977.kernel.1a6e78cceb18f4e-cgu.0.rcgu.o) (memcpy)

Discarded input sections

 .comment       0x0000000000000000       0x35 target/x86_64-unknown-none/release/libkernel.a(kernel-f516bc03ffe9b977.kernel.1a6e78cceb18f4e-cgu.0.rcgu.o)
 .note.GNU-stack
                0x0000000000000000        0x0 target/x86_64-unknown-none/release/libkernel.a(kernel-f516bc03ffe9b977.kernel.1a6e78cceb18f4e-cgu.0.rcgu.o)
 .llvmbc        0x0000000000000000     0x1cac target/x86_64-unknown-none/release/libkernel.a(compiler_builtins-0b98429516488395.compiler_builtins.f495b1868efc1bfc-cgu.191.rcgu.o)
 .llvmcmd       0x0000000000000000        0x0 target/x86_64-unknown-none/release/libkernel.a(compiler_builtins-0b98429516488395.compiler_builtins.f495b1868efc1bfc-cgu.191.rcgu.o)
 .comment       0x0000000000000000       0x35 target/x86_64-unknown-none/release/libkernel.a(compiler_builtins-0b98429516488395.compiler_builtins.f495b1868efc1bfc-cgu.191.rcgu.o)
 .note.GNU-stack
                0x0000000000000000        0x0 target/x86_64-unknown-none/release/libkernel.a(compiler_builtins-0b98429516488395.compiler_builtins.f495b1868efc1bfc-cgu.191.rcgu.o)

Memory Configuration

Name             Origin             Length             Attributes
*default*        0x0000000000000000 0xffffffffffffffff

Linker script and memory map

                0x0000000000007c00                . = 0x7c00

.boot           0x0000000000007c00      0x13e
 *(.boot_entry)
 .boot_entry    0x0000000000007c00      0x13e build/boot.o
                0x0000000000007c00                start
                0x0000000000007dfe                . = 0x7dfe

.sig            0x0000000000007dfe        0x2
                0x0000000000007dfe        0x2 SHORT 0xaa55
                0x0000000000007e00                . = 0x7e00

.text           0x0000000000007e00     0x113f
 *(.text .text.*)
 .text          0x0000000000007e00        0x0 target/x86_64-unknown-none/release/libkernel.a(kernel-f516bc03ffe9b977.kernel.1a6e78cceb18f4e-cgu.0.rcgu.o)
 .text._RNvMNtCs8NbPHFlkKg_6kernel3vgaNtB2_9VgaWriter8new_line
                0x0000000000007e00      0x329 target/x86_64-unknown-none/release/libkernel.a(kernel-f516bc03ffe9b977.kernel.1a6e78cceb18f4e-cgu.0.rcgu.o)
 *fill*         0x0000000000008129        0x7 
 .text.breakpoint_handler
                0x0000000000008130      0x50c target/x86_64-unknown-none/release/libkernel.a(kernel-f516bc03ffe9b977.kernel.1a6e78cceb18f4e-cgu.0.rcgu.o)
                0x0000000000008130                breakpoint_handler
 *fill*         0x000000000000863c        0x4 
 .text.double_fault_handler
                0x0000000000008640       0xd3 target/x86_64-unknown-none/release/libkernel.a(kernel-f516bc03ffe9b977.kernel.1a6e78cceb18f4e-cgu.0.rcgu.o)
                0x0000000000008640                double_fault_handler
 *fill*         0x0000000000008713        0xd 
 .text.keyboard_handler
                0x0000000000008720       0xd0 target/x86_64-unknown-none/release/libkernel.a(kernel-f516bc03ffe9b977.kernel.1a6e78cceb18f4e-cgu.0.rcgu.o)
                0x0000000000008720                keyboard_handler
 .text.kmain    0x00000000000087f0      0x712 target/x86_64-unknown-none/release/libkernel.a(kernel-f516bc03ffe9b977.kernel.1a6e78cceb18f4e-cgu.0.rcgu.o)
                0x00000000000087f0                kmain
 *fill*         0x0000000000008f02        0x2 
 .text          0x0000000000008f04        0x0 target/x86_64-unknown-none/release/libkernel.a(compiler_builtins-0b98429516488395.compiler_builtins.f495b1868efc1bfc-cgu.191.rcgu.o)
 *fill*         0x0000000000008f04        0xc 
 .text.memcpy   0x0000000000008f10       0x2f target/x86_64-unknown-none/release/libkernel.a(compiler_builtins-0b98429516488395.compiler_builtins.f495b1868efc1bfc-cgu.191.rcgu.o)
                0x0000000000008f10                memcpy

.iplt           0x0000000000008f3f        0x0
 .iplt          0x0000000000008f3f        0x0 build/boot.o

.rodata         0x0000000000008f3f       0x71
 *(.rodata .rodata.*)
 .rodata._RNvNtCs8NbPHFlkKg_6kernel3gdt3GDT
                0x0000000000008f3f       0x18 target/x86_64-unknown-none/release/libkernel.a(kernel-f516bc03ffe9b977.kernel.1a6e78cceb18f4e-cgu.0.rcgu.o)
 .rodata.cst16  0x0000000000008f57       0x20 target/x86_64-unknown-none/release/libkernel.a(kernel-f516bc03ffe9b977.kernel.1a6e78cceb18f4e-cgu.0.rcgu.o)
 .rodata..Lanon.815952bc744f841e4d2e7ca7ce594118.1
                0x0000000000008f77       0x19 target/x86_64-unknown-none/release/libkernel.a(kernel-f516bc03ffe9b977.kernel.1a6e78cceb18f4e-cgu.0.rcgu.o)
 .rodata.cst32  0x0000000000008f90       0x20 target/x86_64-unknown-none/release/libkernel.a(kernel-f516bc03ffe9b977.kernel.1a6e78cceb18f4e-cgu.0.rcgu.o)

.rela.dyn       0x0000000000008fb0        0x0
 .rela.got      0x0000000000008fb0        0x0 build/boot.o
 .rela.iplt     0x0000000000008fb0        0x0 build/boot.o

.data           0x0000000000008fb0       0x28
 *(.data .data.*)
 .data._RNvNtCs8NbPHFlkKg_6kernel3vga6WRITER
                0x0000000000008fb0       0x28 target/x86_64-unknown-none/release/libkernel.a(kernel-f516bc03ffe9b977.kernel.1a6e78cceb18f4e-cgu.0.rcgu.o)

.got            0x0000000000008fd8        0x8
 .got           0x0000000000008fd8        0x8 build/boot.o

.got.plt        0x0000000000008fe0       0x18
 .got.plt       0x0000000000008fe0       0x18 build/boot.o
                0x0000000000008fe0                _GLOBAL_OFFSET_TABLE_

.igot.plt       0x0000000000008ff8        0x0
 .igot.plt      0x0000000000008ff8        0x0 build/boot.o

.bss            0x0000000000009000     0x1000
                0x0000000000009000                __bss_start = .
 *(.bss .bss.*)
 .bss._RNvNtCs8NbPHFlkKg_6kernel3idt3IDT
                0x0000000000009000     0x1000 target/x86_64-unknown-none/release/libkernel.a(kernel-f516bc03ffe9b977.kernel.1a6e78cceb18f4e-cgu.0.rcgu.o)
 *(COMMON)
                0x000000000000a000                __bss_end = .

/DISCARD/
 *(.comment)
 *(.eh_frame)
 *(.note*)
LOAD build/boot.o
LOAD target/x86_64-unknown-none/release/libkernel.a
OUTPUT(build/kernel.elf elf64-x86-64)

.debug_frame    0x0000000000000000      0x160
 .debug_frame   0x0000000000000000      0x130 target/x86_64-unknown-none/release/libkernel.a(kernel-f516bc03ffe9b977.kernel.1a6e78cceb18f4e-cgu.0.rcgu.o)
 .debug_frame   0x0000000000000130       0x30 target/x86_64-unknown-none/release/libkernel.a(compiler_builtins-0b98429516488395.compiler_builtins.f495b1868efc1bfc-cgu.191.rcgu.o)

.debug_abbrev   0x0000000000000000       0xae
 .debug_abbrev  0x0000000000000000       0xae target/x86_64-unknown-none/release/libkernel.a(compiler_builtins-0b98429516488395.compiler_builtins.f495b1868efc1bfc-cgu.191.rcgu.o)

.debug_info     0x0000000000000000      0x117
 .debug_info    0x0000000000000000      0x117 target/x86_64-unknown-none/release/libkernel.a(compiler_builtins-0b98429516488395.compiler_builtins.f495b1868efc1bfc-cgu.191.rcgu.o)

.debug_aranges  0x0000000000000000       0x30
 .debug_aranges
                0x0000000000000000       0x30 target/x86_64-unknown-none/release/libkernel.a(compiler_builtins-0b98429516488395.compiler_builtins.f495b1868efc1bfc-cgu.191.rcgu.o)

.debug_ranges   0x0000000000000000       0x40
 .debug_ranges  0x0000000000000000       0x40 target/x86_64-unknown-none/release/libkernel.a(compiler_builtins-0b98429516488395.compiler_builtins.f495b1868efc1bfc-cgu.191.rcgu.o)

.debug_str      0x0000000000000000      0x2b9
 .debug_str     0x0000000000000000      0x2b9 target/x86_64-unknown-none/release/libkernel.a(compiler_builtins-0b98429516488395.compiler_builtins.f495b1868efc1bfc-cgu.191.rcgu.o)
                                        0x2e9 (size before relaxing)

.debug_line     0x0000000000000000      0x1cb
 .debug_line    0x0000000000000000      0x1cb target/x86_64-unknown-none/release/libkernel.a(compiler_builtins-0b98429516488395.compiler_builtins.f495b1868efc1bfc-cgu.191.rcgu.o)
